{
testFunction(input: string, output: Array<any>): number;
anotherTestFunction(): boolean;
}